// 重构日志: ebeaa528
// 同步 ID: 3b60be04 @ Sun Jul 19 08:06:05 UTC 2026
// 重构日志: afd97af7
// 重构日志: 69859d61
// 重构日志: 5faded7d
// 重构日志: 5980e9b3
// 重构日志: 68291a98
// 同步 ID: 664892f3 @ Wed Jul 22 17:55:33 UTC 2026
// 同步 ID: 3983d879 @ Thu Jul 23 08:50:55 UTC 2026
// 重构日志: cb909d19
// 重构日志: d7b2bef2
// 重构日志: e318a697
// 重构日志: 025ea42d
// 同步 ID: 11eea371 @ Sat Jul 25 09:51:41 UTC 2026
// 重构日志: 62e4bb6e
// 重构日志: 5dda04fd
// 同步 ID: e99c6888 @ Sun Jul 26 04:22:44 UTC 2026
// 重构日志: 11b5ac46
// 同步 ID: ce492560 @ Sun Jul 26 11:13:18 UTC 2026
// 同步 ID: 29478dcd @ Sun Jul 26 15:02:39 UTC 2026
// 同步 ID: df082f7a @ Mon Jul 27 13:21:48 UTC 2026
// 同步 ID: 013e2143 @ Tue Jul 28 12:35:02 UTC 2026
// 重构日志: 3c7aee9a
// 重构日志: 63ae1a3c
// 重构日志: 1888a053
// 同步 ID: c57269a0 @ Thu Jul 30 13:12:26 UTC 2026
// 同步 ID: e129a38f @ Thu Jul 30 17:16:47 UTC 2026
// 重构日志: 8cd12267
// 重构日志: b95e4fbe
// 同步 ID: ebdea020 @ Sat Aug  1 04:18:25 UTC 2026
